// Jest Snapshot v1, https://goo.gl/fbAQLP

exports[`Login component matches snapshot 1`] = `
<div
  className="login-page"
>
  <div
    className="title"
  >
    <div
      className="bold"
    >
      öğrenci
    </div>
    <div>
      evi
    </div>
  </div>
  <div
    className="sub-title"
  >
    ev idaresi uygulaması
  </div>
  <div
    className="login-form"
  >
    <div
      className="loader-container"
    />
    <input
      className="common-input"
      name="name"
      onChange={[Function]}
      placeholder="Ad"
      type="text"
      value="testUserName"
    />
    <input
      className="common-input"
      name="surName"
      onChange={[Function]}
      placeholder="Soyad"
      type="text"
      value={undefined}
    />
    <select
      className="common-input"
      onChange={[Function]}
    >
      <option
        selected={true}
        value={1}
      >
        houseA
      </option>
      <option
        selected={false}
        value={2}
      >
        houseB
      </option>
      <option
        selected={false}
        value={3}
      >
        houseC
      </option>
      <option
        selected={false}
        value={4}
      >
        houseD
      </option>
    </select>
    <div
      className="login-button-container"
    >
      <button
        className="login-button"
        onClick={[Function]}
      >
        GİRİŞ
      </button>
    </div>
  </div>
</div>
`;

exports[`matches snapshot 1`] = `
<div
  className="login-page"
>
  <div
    className="title"
  >
    <div
      className="bold"
    >
      öğrenci
    </div>
    <div>
      evi
    </div>
  </div>
  <div
    className="sub-title"
  >
    ev idaresi uygulaması
  </div>
  <div
    className="login-form"
  >
    <div
      className="loader-container"
    />
    <input
      className="common-input"
      name="name"
      onChange={[Function]}
      placeholder="Ad"
      type="text"
      value="testUserName"
    />
    <input
      className="common-input"
      name="surName"
      onChange={[Function]}
      placeholder="Soyad"
      type="text"
      value={undefined}
    />
    <select
      className="common-input"
      onChange={[Function]}
    >
      <option
        selected={true}
        value={1}
      >
        houseA
      </option>
      <option
        selected={false}
        value={2}
      >
        houseB
      </option>
      <option
        selected={false}
        value={3}
      >
        houseC
      </option>
      <option
        selected={false}
        value={4}
      >
        houseD
      </option>
    </select>
    <div
      className="login-button-container"
    >
      <button
        className="login-button"
        onClick={[Function]}
      >
        GİRİŞ
      </button>
    </div>
  </div>
</div>
`;
